// Jest Snapshot v1, https://goo.gl/fbAQLP

exports[`Story Snapshots: Itens should match snapshot 1`] = `
[
  <RNGestureHandlerButton
    activeOpacity={1}
    collapsable={false}
    delayLongPress={600}
    handlerTag={1}
    handlerType="NativeViewGestureHandler"
    innerRef={null}
    onActiveStateChange={[Function]}
    onGestureHandlerEvent={[Function]}
    onGestureHandlerStateChange={[Function]}
    onPress={[Function]}
    rippleColor="#E4E7EA"
    style={
      [
        {
          "backgroundColor": "#FFFFFF",
          "borderRadius": undefined,
          "margin": undefined,
          "marginBottom": undefined,
          "marginEnd": undefined,
          "marginHorizontal": undefined,
          "marginLeft": undefined,
          "marginRight": undefined,
          "marginStart": undefined,
          "marginTop": undefined,
          "marginVertical": undefined,
        },
        {
          "cursor": undefined,
        },
      ]
    }
    underlayColor="#E4E7EA"
  >
    <View
      collapsable={false}
      style={
        {
          "backgroundColor": "#E4E7EA",
          "borderBottomLeftRadius": undefined,
          "borderBottomRightRadius": undefined,
          "borderRadius": undefined,
          "borderTopLeftRadius": undefined,
          "borderTopRightRadius": undefined,
          "bottom": 0,
          "left": 0,
          "opacity": 0,
          "position": "absolute",
          "right": 0,
          "top": 0,
        }
      }
    />
    <View
      style={
        {
          "maxHeight": 141,
          "minHeight": 117,
          "padding": 16,
        }
      }
    >
      <View
        style={
          {
            "flexDirection": "row",
            "height": 36,
          }
        }
      >
        <View
          style={
            {
              "flex": 1,
            }
          }
        >
          <Text
            style={
              [
                {
                  "backgroundColor": "transparent",
                  "flex": 1,
                  "fontFamily": "Inter",
                  "fontSize": 14,
                  "fontWeight": "500",
                  "paddingBottom": 0,
                  "paddingTop": 0,
                  "textAlign": "left",
                },
                {
                  "color": "#1F2329",
                },
              ]
            }
          >
            !
            !FAQ4
          </Text>
          <Text
            style={
              [
                {
                  "backgroundColor": "transparent",
                  "flex": 1,
                  "fontFamily": "Inter",
                  "fontSize": 12,
                  "fontWeight": "400",
                  "paddingBottom": 0,
                  "paddingTop": 0,
                  "textAlign": "left",
                },
                {
                  "color": "#6C727A",
                },
              ]
            }
          >
            Private
          </Text>
        </View>
        <RNGestureHandlerButton
          accessibilityLabel="Use"
          accessibilityRole="button"
          collapsable={false}
          enabled={true}
          hitSlop={
            {
              "bottom": 0,
              "left": 0,
              "right": 0,
              "top": 0,
            }
          }
          rippleColor="transparent"
          style={
            [
              {},
              [
                {
                  "justifyContent": "center",
                  "paddingHorizontal": 16,
                  "paddingVertical": 14,
                },
                {
                  "borderRadius": 4,
                  "marginBottom": 12,
                },
                {
                  "backgroundColor": "#156FF5",
                },
                {},
                [
                  {
                    "height": 28,
                    "marginLeft": 8,
                    "width": 56,
                  },
                  {
                    "backgroundColor": "#F7F8FA",
                  },
                ],
              ],
            ]
          }
          testOnly_onPress={[Function]}
        >
          <Text
            style={
              [
                {
                  "color": "#1F2329",
                  "fontSize": 12,
                },
                {
                  "backgroundColor": "transparent",
                  "fontFamily": "Inter",
                  "fontWeight": "500",
                  "textAlign": "center",
                },
                undefined,
              ]
            }
          >
            Use
          </Text>
        </RNGestureHandlerButton>
      </View>
      <Text
        ellipsizeMode="tail"
        numberOfLines={2}
        style={
          [
            {
              "backgroundColor": "transparent",
              "fontFamily": "Inter",
              "fontSize": 14,
              "fontWeight": "400",
              "marginTop": 8,
              "paddingBottom": 0,
              "paddingTop": 0,
              "textAlign": "left",
            },
            {
              "color": "#6C727A",
            },
          ]
        }
      >
        “
        ZCVXZVXCZVZXVZXCVZXCVXZCVZX
        ”
      </Text>
      <View
        style={
          {
            "flexDirection": "row",
            "overflow": "hidden",
          }
        }
      />
    </View>
  </RNGestureHandlerButton>,
  <RNGestureHandlerButton
    activeOpacity={1}
    collapsable={false}
    delayLongPress={600}
    handlerTag={2}
    handlerType="NativeViewGestureHandler"
    innerRef={null}
    onActiveStateChange={[Function]}
    onGestureHandlerEvent={[Function]}
    onGestureHandlerStateChange={[Function]}
    onPress={[Function]}
    rippleColor="#E4E7EA"
    style={
      [
        {
          "backgroundColor": "#FFFFFF",
          "borderRadius": undefined,
          "margin": undefined,
          "marginBottom": undefined,
          "marginEnd": undefined,
          "marginHorizontal": undefined,
          "marginLeft": undefined,
          "marginRight": undefined,
          "marginStart": undefined,
          "marginTop": undefined,
          "marginVertical": undefined,
        },
        {
          "cursor": undefined,
        },
      ]
    }
    underlayColor="#E4E7EA"
  >
    <View
      collapsable={false}
      style={
        {
          "backgroundColor": "#E4E7EA",
          "borderBottomLeftRadius": undefined,
          "borderBottomRightRadius": undefined,
          "borderRadius": undefined,
          "borderTopLeftRadius": undefined,
          "borderTopRightRadius": undefined,
          "bottom": 0,
          "left": 0,
          "opacity": 0,
          "position": "absolute",
          "right": 0,
          "top": 0,
        }
      }
    />
    <View
      style={
        {
          "maxHeight": 141,
          "minHeight": 117,
          "padding": 16,
        }
      }
    >
      <View
        style={
          {
            "flexDirection": "row",
            "height": 36,
          }
        }
      >
        <View
          style={
            {
              "flex": 1,
            }
          }
        >
          <Text
            style={
              [
                {
                  "backgroundColor": "transparent",
                  "flex": 1,
                  "fontFamily": "Inter",
                  "fontSize": 14,
                  "fontWeight": "500",
                  "paddingBottom": 0,
                  "paddingTop": 0,
                  "textAlign": "left",
                },
                {
                  "color": "#1F2329",
                },
              ]
            }
          >
            !
            test4mobilePrivate
          </Text>
          <Text
            style={
              [
                {
                  "backgroundColor": "transparent",
                  "flex": 1,
                  "fontFamily": "Inter",
                  "fontSize": 12,
                  "fontWeight": "400",
                  "paddingBottom": 0,
                  "paddingTop": 0,
                  "textAlign": "left",
                },
                {
                  "color": "#6C727A",
                },
              ]
            }
          >
            Private
          </Text>
        </View>
        <RNGestureHandlerButton
          accessibilityLabel="Use"
          accessibilityRole="button"
          collapsable={false}
          enabled={true}
          hitSlop={
            {
              "bottom": 0,
              "left": 0,
              "right": 0,
              "top": 0,
            }
          }
          rippleColor="transparent"
          style={
            [
              {},
              [
                {
                  "justifyContent": "center",
                  "paddingHorizontal": 16,
                  "paddingVertical": 14,
                },
                {
                  "borderRadius": 4,
                  "marginBottom": 12,
                },
                {
                  "backgroundColor": "#156FF5",
                },
                {},
                [
                  {
                    "height": 28,
                    "marginLeft": 8,
                    "width": 56,
                  },
                  {
                    "backgroundColor": "#F7F8FA",
                  },
                ],
              ],
            ]
          }
          testOnly_onPress={[Function]}
        >
          <Text
            style={
              [
                {
                  "color": "#1F2329",
                  "fontSize": 12,
                },
                {
                  "backgroundColor": "transparent",
                  "fontFamily": "Inter",
                  "fontWeight": "500",
                  "textAlign": "center",
                },
                undefined,
              ]
            }
          >
            Use
          </Text>
        </RNGestureHandlerButton>
      </View>
      <Text
        ellipsizeMode="tail"
        numberOfLines={2}
        style={
          [
            {
              "backgroundColor": "transparent",
              "fontFamily": "Inter",
              "fontSize": 14,
              "fontWeight": "400",
              "marginTop": 8,
              "paddingBottom": 0,
              "paddingTop": 0,
              "textAlign": "left",
            },
            {
              "color": "#6C727A",
            },
          ]
        }
      >
        “
        test for mobile private
        ”
      </Text>
      <View
        style={
          {
            "flexDirection": "row",
            "overflow": "hidden",
          }
        }
      >
        <View
          style={
            [
              {
                "borderRadius": 4,
                "height": 16,
                "marginRight": 4,
                "marginTop": 8,
              },
              {
                "backgroundColor": "#EBECEF",
              },
            ]
          }
        >
          <Text
            style={
              [
                {
                  "backgroundColor": "transparent",
                  "fontFamily": "Inter",
                  "fontSize": 12,
                  "fontWeight": "400",
                  "paddingBottom": 0,
                  "paddingHorizontal": 4,
                  "paddingTop": 0,
                  "textAlign": "left",
                },
                {
                  "color": "#6C727A",
                },
              ]
            }
          >
            HQ
          </Text>
        </View>
        <View
          style={
            [
              {
                "borderRadius": 4,
                "height": 16,
                "marginRight": 4,
                "marginTop": 8,
              },
              {
                "backgroundColor": "#EBECEF",
              },
            ]
          }
        >
          <Text
            style={
              [
                {
                  "backgroundColor": "transparent",
                  "fontFamily": "Inter",
                  "fontSize": 12,
                  "fontWeight": "400",
                  "paddingBottom": 0,
                  "paddingHorizontal": 4,
                  "paddingTop": 0,
                  "textAlign": "left",
                },
                {
                  "color": "#6C727A",
                },
              ]
            }
          >
            Closed
          </Text>
        </View>
        <View
          style={
            [
              {
                "borderRadius": 4,
                "height": 16,
                "marginRight": 4,
                "marginTop": 8,
              },
              {
                "backgroundColor": "#EBECEF",
              },
            ]
          }
        >
          <Text
            style={
              [
                {
                  "backgroundColor": "transparent",
                  "fontFamily": "Inter",
                  "fontSize": 12,
                  "fontWeight": "400",
                  "paddingBottom": 0,
                  "paddingHorizontal": 4,
                  "paddingTop": 0,
                  "textAlign": "left",
                },
                {
                  "color": "#6C727A",
                },
              ]
            }
          >
            HQ
          </Text>
        </View>
        <View
          style={
            [
              {
                "borderRadius": 4,
                "height": 16,
                "marginRight": 4,
                "marginTop": 8,
              },
              {
                "backgroundColor": "#EBECEF",
              },
            ]
          }
        >
          <Text
            style={
              [
                {
                  "backgroundColor": "transparent",
                  "fontFamily": "Inter",
                  "fontSize": 12,
                  "fontWeight": "400",
                  "paddingBottom": 0,
                  "paddingHorizontal": 4,
                  "paddingTop": 0,
                  "textAlign": "left",
                },
                {
                  "color": "#6C727A",
                },
              ]
            }
          >
            Problem in Product Y
          </Text>
        </View>
        <View
          style={
            [
              {
                "borderRadius": 4,
                "height": 16,
                "marginRight": 4,
                "marginTop": 8,
              },
              {
                "backgroundColor": "#EBECEF",
              },
            ]
          }
        >
          <Text
            style={
              [
                {
                  "backgroundColor": "transparent",
                  "fontFamily": "Inter",
                  "fontSize": 12,
                  "fontWeight": "400",
                  "paddingBottom": 0,
                  "paddingHorizontal": 4,
                  "paddingTop": 0,
                  "textAlign": "left",
                },
                {
                  "color": "#6C727A",
                },
              ]
            }
          >
            HQ
          </Text>
        </View>
        <View
          style={
            [
              {
                "borderRadius": 4,
                "height": 16,
                "marginRight": 4,
                "marginTop": 8,
              },
              {
                "backgroundColor": "#EBECEF",
              },
            ]
          }
        >
          <Text
            style={
              [
                {
                  "backgroundColor": "transparent",
                  "fontFamily": "Inter",
                  "fontSize": 12,
                  "fontWeight": "400",
                  "paddingBottom": 0,
                  "paddingHorizontal": 4,
                  "paddingTop": 0,
                  "textAlign": "left",
                },
                {
                  "color": "#6C727A",
                },
              ]
            }
          >
            Closed
          </Text>
        </View>
        <View
          style={
            [
              {
                "borderRadius": 4,
                "height": 16,
                "marginRight": 4,
                "marginTop": 8,
              },
              {
                "backgroundColor": "#EBECEF",
              },
            ]
          }
        >
          <Text
            style={
              [
                {
                  "backgroundColor": "transparent",
                  "fontFamily": "Inter",
                  "fontSize": 12,
                  "fontWeight": "400",
                  "paddingBottom": 0,
                  "paddingHorizontal": 4,
                  "paddingTop": 0,
                  "textAlign": "left",
                },
                {
                  "color": "#6C727A",
                },
              ]
            }
          >
            Problem in Product Y
          </Text>
        </View>
      </View>
    </View>
  </RNGestureHandlerButton>,
]
`;
