// Jest Snapshot v1, https://goo.gl/fbAQLP

exports[`Story Snapshots: Default should match snapshot 1`] = `
<View
  style={
    {
      "alignItems": "center",
      "minHeight": 500,
      "padding": 24,
    }
  }
>
  <View
    style={
      [
        {
          "padding": 32,
          "paddingBottom": 32,
        },
        {
          "backgroundColor": "#FFFFFF",
        },
      ]
    }
  >
    <A11yOrderView
      orderKey=":r6:"
    >
      <A11yIndexView
        importantForAccessibility="yes"
        orderFocusType={0}
        orderIndex={1}
        orderKey=":r6:"
      >
        <View
          style={
            [
              {
                "gap": 4,
                "marginBottom": 10,
              },
              {
                "marginBottom": 24,
              },
            ]
          }
        >
          <View
            accessible={false}
            style={
              {
                "justifyContent": "center",
                "position": "relative",
              }
            }
          >
            <TextInput
              accessibilityLabel=""
              accessible={true}
              autoCapitalize="none"
              autoCorrect={false}
              editable={false}
              keyboardType="phone-pad"
              multiline={true}
              placeholder=""
              placeholderTextColor="#9EA2A8"
              style={
                [
                  {
                    "backgroundColor": "transparent",
                    "borderRadius": 4,
                    "borderWidth": 1,
                    "fontFamily": "Inter",
                    "fontSize": 16,
                    "fontWeight": "400",
                    "paddingHorizontal": 16,
                    "paddingVertical": 14,
                    "textAlign": "left",
                  },
                  undefined,
                  {},
                  {
                    "backgroundColor": "#FFFFFF",
                    "borderColor": "#9EA2A8",
                    "color": "#1F2329",
                  },
                  {},
                  undefined,
                ]
              }
              testID="dialpad-input"
              underlineColorAndroid="transparent"
              value=""
            />
          </View>
        </View>
      </A11yIndexView>
    </A11yOrderView>
    <View
      style={
        {
          "gap": 28,
          "padding": 10,
        }
      }
    >
      <View
        style={
          {
            "flexDirection": "row",
            "gap": 40,
            "justifyContent": "space-between",
          }
        }
      >
        <View
          accessibilityState={
            {
              "busy": undefined,
              "checked": undefined,
              "disabled": undefined,
              "expanded": undefined,
              "selected": undefined,
            }
          }
          accessibilityValue={
            {
              "max": undefined,
              "min": undefined,
              "now": undefined,
              "text": undefined,
            }
          }
          accessible={true}
          collapsable={false}
          focusable={true}
          onBlur={[Function]}
          onClick={[Function]}
          onFocus={[Function]}
          onResponderGrant={[Function]}
          onResponderMove={[Function]}
          onResponderRelease={[Function]}
          onResponderTerminate={[Function]}
          onResponderTerminationRequest={[Function]}
          onStartShouldSetResponder={[Function]}
          style={
            [
              {
                "aspectRatio": 1,
                "borderRadius": 8,
                "flex": 1,
              },
              {
                "backgroundColor": "#E4E7EA",
              },
            ]
          }
        >
          <View
            style={
              {
                "alignItems": "center",
                "flex": 1,
                "justifyContent": "center",
              }
            }
          >
            <Text
              style={
                [
                  {
                    "backgroundColor": "transparent",
                    "fontFamily": "Inter",
                    "fontSize": 32,
                    "fontWeight": "400",
                    "lineHeight": 36,
                    "textAlign": "center",
                  },
                  {
                    "color": "#2F343D",
                  },
                ]
              }
            >
              1
            </Text>
            <Text
              style={
                [
                  {
                    "backgroundColor": "transparent",
                    "fontFamily": "Inter",
                    "fontSize": 12,
                    "fontWeight": "400",
                    "letterSpacing": 0,
                    "lineHeight": 18,
                    "textAlign": "center",
                  },
                  {
                    "color": "#6C727A",
                  },
                ]
              }
            />
          </View>
        </View>
        <View
          accessibilityState={
            {
              "busy": undefined,
              "checked": undefined,
              "disabled": undefined,
              "expanded": undefined,
              "selected": undefined,
            }
          }
          accessibilityValue={
            {
              "max": undefined,
              "min": undefined,
              "now": undefined,
              "text": undefined,
            }
          }
          accessible={true}
          collapsable={false}
          focusable={true}
          onBlur={[Function]}
          onClick={[Function]}
          onFocus={[Function]}
          onResponderGrant={[Function]}
          onResponderMove={[Function]}
          onResponderRelease={[Function]}
          onResponderTerminate={[Function]}
          onResponderTerminationRequest={[Function]}
          onStartShouldSetResponder={[Function]}
          style={
            [
              {
                "aspectRatio": 1,
                "borderRadius": 8,
                "flex": 1,
              },
              {
                "backgroundColor": "#E4E7EA",
              },
            ]
          }
        >
          <View
            style={
              {
                "alignItems": "center",
                "flex": 1,
                "justifyContent": "center",
              }
            }
          >
            <Text
              style={
                [
                  {
                    "backgroundColor": "transparent",
                    "fontFamily": "Inter",
                    "fontSize": 32,
                    "fontWeight": "400",
                    "lineHeight": 36,
                    "textAlign": "center",
                  },
                  {
                    "color": "#2F343D",
                  },
                ]
              }
            >
              2
            </Text>
            <Text
              style={
                [
                  {
                    "backgroundColor": "transparent",
                    "fontFamily": "Inter",
                    "fontSize": 12,
                    "fontWeight": "400",
                    "letterSpacing": 0,
                    "lineHeight": 18,
                    "textAlign": "center",
                  },
                  {
                    "color": "#6C727A",
                  },
                ]
              }
            >
              ABC
            </Text>
          </View>
        </View>
        <View
          accessibilityState={
            {
              "busy": undefined,
              "checked": undefined,
              "disabled": undefined,
              "expanded": undefined,
              "selected": undefined,
            }
          }
          accessibilityValue={
            {
              "max": undefined,
              "min": undefined,
              "now": undefined,
              "text": undefined,
            }
          }
          accessible={true}
          collapsable={false}
          focusable={true}
          onBlur={[Function]}
          onClick={[Function]}
          onFocus={[Function]}
          onResponderGrant={[Function]}
          onResponderMove={[Function]}
          onResponderRelease={[Function]}
          onResponderTerminate={[Function]}
          onResponderTerminationRequest={[Function]}
          onStartShouldSetResponder={[Function]}
          style={
            [
              {
                "aspectRatio": 1,
                "borderRadius": 8,
                "flex": 1,
              },
              {
                "backgroundColor": "#E4E7EA",
              },
            ]
          }
        >
          <View
            style={
              {
                "alignItems": "center",
                "flex": 1,
                "justifyContent": "center",
              }
            }
          >
            <Text
              style={
                [
                  {
                    "backgroundColor": "transparent",
                    "fontFamily": "Inter",
                    "fontSize": 32,
                    "fontWeight": "400",
                    "lineHeight": 36,
                    "textAlign": "center",
                  },
                  {
                    "color": "#2F343D",
                  },
                ]
              }
            >
              3
            </Text>
            <Text
              style={
                [
                  {
                    "backgroundColor": "transparent",
                    "fontFamily": "Inter",
                    "fontSize": 12,
                    "fontWeight": "400",
                    "letterSpacing": 0,
                    "lineHeight": 18,
                    "textAlign": "center",
                  },
                  {
                    "color": "#6C727A",
                  },
                ]
              }
            >
              DEF
            </Text>
          </View>
        </View>
      </View>
      <View
        style={
          {
            "flexDirection": "row",
            "gap": 40,
            "justifyContent": "space-between",
          }
        }
      >
        <View
          accessibilityState={
            {
              "busy": undefined,
              "checked": undefined,
              "disabled": undefined,
              "expanded": undefined,
              "selected": undefined,
            }
          }
          accessibilityValue={
            {
              "max": undefined,
              "min": undefined,
              "now": undefined,
              "text": undefined,
            }
          }
          accessible={true}
          collapsable={false}
          focusable={true}
          onBlur={[Function]}
          onClick={[Function]}
          onFocus={[Function]}
          onResponderGrant={[Function]}
          onResponderMove={[Function]}
          onResponderRelease={[Function]}
          onResponderTerminate={[Function]}
          onResponderTerminationRequest={[Function]}
          onStartShouldSetResponder={[Function]}
          style={
            [
              {
                "aspectRatio": 1,
                "borderRadius": 8,
                "flex": 1,
              },
              {
                "backgroundColor": "#E4E7EA",
              },
            ]
          }
        >
          <View
            style={
              {
                "alignItems": "center",
                "flex": 1,
                "justifyContent": "center",
              }
            }
          >
            <Text
              style={
                [
                  {
                    "backgroundColor": "transparent",
                    "fontFamily": "Inter",
                    "fontSize": 32,
                    "fontWeight": "400",
                    "lineHeight": 36,
                    "textAlign": "center",
                  },
                  {
                    "color": "#2F343D",
                  },
                ]
              }
            >
              4
            </Text>
            <Text
              style={
                [
                  {
                    "backgroundColor": "transparent",
                    "fontFamily": "Inter",
                    "fontSize": 12,
                    "fontWeight": "400",
                    "letterSpacing": 0,
                    "lineHeight": 18,
                    "textAlign": "center",
                  },
                  {
                    "color": "#6C727A",
                  },
                ]
              }
            >
              GHI
            </Text>
          </View>
        </View>
        <View
          accessibilityState={
            {
              "busy": undefined,
              "checked": undefined,
              "disabled": undefined,
              "expanded": undefined,
              "selected": undefined,
            }
          }
          accessibilityValue={
            {
              "max": undefined,
              "min": undefined,
              "now": undefined,
              "text": undefined,
            }
          }
          accessible={true}
          collapsable={false}
          focusable={true}
          onBlur={[Function]}
          onClick={[Function]}
          onFocus={[Function]}
          onResponderGrant={[Function]}
          onResponderMove={[Function]}
          onResponderRelease={[Function]}
          onResponderTerminate={[Function]}
          onResponderTerminationRequest={[Function]}
          onStartShouldSetResponder={[Function]}
          style={
            [
              {
                "aspectRatio": 1,
                "borderRadius": 8,
                "flex": 1,
              },
              {
                "backgroundColor": "#E4E7EA",
              },
            ]
          }
        >
          <View
            style={
              {
                "alignItems": "center",
                "flex": 1,
                "justifyContent": "center",
              }
            }
          >
            <Text
              style={
                [
                  {
                    "backgroundColor": "transparent",
                    "fontFamily": "Inter",
                    "fontSize": 32,
                    "fontWeight": "400",
                    "lineHeight": 36,
                    "textAlign": "center",
                  },
                  {
                    "color": "#2F343D",
                  },
                ]
              }
            >
              5
            </Text>
            <Text
              style={
                [
                  {
                    "backgroundColor": "transparent",
                    "fontFamily": "Inter",
                    "fontSize": 12,
                    "fontWeight": "400",
                    "letterSpacing": 0,
                    "lineHeight": 18,
                    "textAlign": "center",
                  },
                  {
                    "color": "#6C727A",
                  },
                ]
              }
            >
              JKL
            </Text>
          </View>
        </View>
        <View
          accessibilityState={
            {
              "busy": undefined,
              "checked": undefined,
              "disabled": undefined,
              "expanded": undefined,
              "selected": undefined,
            }
          }
          accessibilityValue={
            {
              "max": undefined,
              "min": undefined,
              "now": undefined,
              "text": undefined,
            }
          }
          accessible={true}
          collapsable={false}
          focusable={true}
          onBlur={[Function]}
          onClick={[Function]}
          onFocus={[Function]}
          onResponderGrant={[Function]}
          onResponderMove={[Function]}
          onResponderRelease={[Function]}
          onResponderTerminate={[Function]}
          onResponderTerminationRequest={[Function]}
          onStartShouldSetResponder={[Function]}
          style={
            [
              {
                "aspectRatio": 1,
                "borderRadius": 8,
                "flex": 1,
              },
              {
                "backgroundColor": "#E4E7EA",
              },
            ]
          }
        >
          <View
            style={
              {
                "alignItems": "center",
                "flex": 1,
                "justifyContent": "center",
              }
            }
          >
            <Text
              style={
                [
                  {
                    "backgroundColor": "transparent",
                    "fontFamily": "Inter",
                    "fontSize": 32,
                    "fontWeight": "400",
                    "lineHeight": 36,
                    "textAlign": "center",
                  },
                  {
                    "color": "#2F343D",
                  },
                ]
              }
            >
              6
            </Text>
            <Text
              style={
                [
                  {
                    "backgroundColor": "transparent",
                    "fontFamily": "Inter",
                    "fontSize": 12,
                    "fontWeight": "400",
                    "letterSpacing": 0,
                    "lineHeight": 18,
                    "textAlign": "center",
                  },
                  {
                    "color": "#6C727A",
                  },
                ]
              }
            >
              MNO
            </Text>
          </View>
        </View>
      </View>
      <View
        style={
          {
            "flexDirection": "row",
            "gap": 40,
            "justifyContent": "space-between",
          }
        }
      >
        <View
          accessibilityState={
            {
              "busy": undefined,
              "checked": undefined,
              "disabled": undefined,
              "expanded": undefined,
              "selected": undefined,
            }
          }
          accessibilityValue={
            {
              "max": undefined,
              "min": undefined,
              "now": undefined,
              "text": undefined,
            }
          }
          accessible={true}
          collapsable={false}
          focusable={true}
          onBlur={[Function]}
          onClick={[Function]}
          onFocus={[Function]}
          onResponderGrant={[Function]}
          onResponderMove={[Function]}
          onResponderRelease={[Function]}
          onResponderTerminate={[Function]}
          onResponderTerminationRequest={[Function]}
          onStartShouldSetResponder={[Function]}
          style={
            [
              {
                "aspectRatio": 1,
                "borderRadius": 8,
                "flex": 1,
              },
              {
                "backgroundColor": "#E4E7EA",
              },
            ]
          }
        >
          <View
            style={
              {
                "alignItems": "center",
                "flex": 1,
                "justifyContent": "center",
              }
            }
          >
            <Text
              style={
                [
                  {
                    "backgroundColor": "transparent",
                    "fontFamily": "Inter",
                    "fontSize": 32,
                    "fontWeight": "400",
                    "lineHeight": 36,
                    "textAlign": "center",
                  },
                  {
                    "color": "#2F343D",
                  },
                ]
              }
            >
              7
            </Text>
            <Text
              style={
                [
                  {
                    "backgroundColor": "transparent",
                    "fontFamily": "Inter",
                    "fontSize": 12,
                    "fontWeight": "400",
                    "letterSpacing": 0,
                    "lineHeight": 18,
                    "textAlign": "center",
                  },
                  {
                    "color": "#6C727A",
                  },
                ]
              }
            >
              PQRS
            </Text>
          </View>
        </View>
        <View
          accessibilityState={
            {
              "busy": undefined,
              "checked": undefined,
              "disabled": undefined,
              "expanded": undefined,
              "selected": undefined,
            }
          }
          accessibilityValue={
            {
              "max": undefined,
              "min": undefined,
              "now": undefined,
              "text": undefined,
            }
          }
          accessible={true}
          collapsable={false}
          focusable={true}
          onBlur={[Function]}
          onClick={[Function]}
          onFocus={[Function]}
          onResponderGrant={[Function]}
          onResponderMove={[Function]}
          onResponderRelease={[Function]}
          onResponderTerminate={[Function]}
          onResponderTerminationRequest={[Function]}
          onStartShouldSetResponder={[Function]}
          style={
            [
              {
                "aspectRatio": 1,
                "borderRadius": 8,
                "flex": 1,
              },
              {
                "backgroundColor": "#E4E7EA",
              },
            ]
          }
        >
          <View
            style={
              {
                "alignItems": "center",
                "flex": 1,
                "justifyContent": "center",
              }
            }
          >
            <Text
              style={
                [
                  {
                    "backgroundColor": "transparent",
                    "fontFamily": "Inter",
                    "fontSize": 32,
                    "fontWeight": "400",
                    "lineHeight": 36,
                    "textAlign": "center",
                  },
                  {
                    "color": "#2F343D",
                  },
                ]
              }
            >
              8
            </Text>
            <Text
              style={
                [
                  {
                    "backgroundColor": "transparent",
                    "fontFamily": "Inter",
                    "fontSize": 12,
                    "fontWeight": "400",
                    "letterSpacing": 0,
                    "lineHeight": 18,
                    "textAlign": "center",
                  },
                  {
                    "color": "#6C727A",
                  },
                ]
              }
            >
              TUV
            </Text>
          </View>
        </View>
        <View
          accessibilityState={
            {
              "busy": undefined,
              "checked": undefined,
              "disabled": undefined,
              "expanded": undefined,
              "selected": undefined,
            }
          }
          accessibilityValue={
            {
              "max": undefined,
              "min": undefined,
              "now": undefined,
              "text": undefined,
            }
          }
          accessible={true}
          collapsable={false}
          focusable={true}
          onBlur={[Function]}
          onClick={[Function]}
          onFocus={[Function]}
          onResponderGrant={[Function]}
          onResponderMove={[Function]}
          onResponderRelease={[Function]}
          onResponderTerminate={[Function]}
          onResponderTerminationRequest={[Function]}
          onStartShouldSetResponder={[Function]}
          style={
            [
              {
                "aspectRatio": 1,
                "borderRadius": 8,
                "flex": 1,
              },
              {
                "backgroundColor": "#E4E7EA",
              },
            ]
          }
        >
          <View
            style={
              {
                "alignItems": "center",
                "flex": 1,
                "justifyContent": "center",
              }
            }
          >
            <Text
              style={
                [
                  {
                    "backgroundColor": "transparent",
                    "fontFamily": "Inter",
                    "fontSize": 32,
                    "fontWeight": "400",
                    "lineHeight": 36,
                    "textAlign": "center",
                  },
                  {
                    "color": "#2F343D",
                  },
                ]
              }
            >
              9
            </Text>
            <Text
              style={
                [
                  {
                    "backgroundColor": "transparent",
                    "fontFamily": "Inter",
                    "fontSize": 12,
                    "fontWeight": "400",
                    "letterSpacing": 0,
                    "lineHeight": 18,
                    "textAlign": "center",
                  },
                  {
                    "color": "#6C727A",
                  },
                ]
              }
            >
              WXYZ
            </Text>
          </View>
        </View>
      </View>
      <View
        style={
          {
            "flexDirection": "row",
            "gap": 40,
            "justifyContent": "space-between",
          }
        }
      >
        <View
          accessibilityState={
            {
              "busy": undefined,
              "checked": undefined,
              "disabled": undefined,
              "expanded": undefined,
              "selected": undefined,
            }
          }
          accessibilityValue={
            {
              "max": undefined,
              "min": undefined,
              "now": undefined,
              "text": undefined,
            }
          }
          accessible={true}
          collapsable={false}
          focusable={true}
          onBlur={[Function]}
          onClick={[Function]}
          onFocus={[Function]}
          onResponderGrant={[Function]}
          onResponderMove={[Function]}
          onResponderRelease={[Function]}
          onResponderTerminate={[Function]}
          onResponderTerminationRequest={[Function]}
          onStartShouldSetResponder={[Function]}
          style={
            [
              {
                "aspectRatio": 1,
                "borderRadius": 8,
                "flex": 1,
              },
              {
                "backgroundColor": "#E4E7EA",
              },
            ]
          }
        >
          <View
            style={
              {
                "alignItems": "center",
                "flex": 1,
                "justifyContent": "center",
              }
            }
          >
            <Text
              style={
                [
                  {
                    "backgroundColor": "transparent",
                    "fontFamily": "Inter",
                    "fontSize": 32,
                    "fontWeight": "400",
                    "lineHeight": 36,
                    "textAlign": "center",
                  },
                  {
                    "color": "#2F343D",
                  },
                ]
              }
            >
              *
            </Text>
            <Text
              style={
                [
                  {
                    "backgroundColor": "transparent",
                    "fontFamily": "Inter",
                    "fontSize": 12,
                    "fontWeight": "400",
                    "letterSpacing": 0,
                    "lineHeight": 18,
                    "textAlign": "center",
                  },
                  {
                    "color": "#6C727A",
                  },
                ]
              }
            />
          </View>
        </View>
        <View
          accessibilityState={
            {
              "busy": undefined,
              "checked": undefined,
              "disabled": undefined,
              "expanded": undefined,
              "selected": undefined,
            }
          }
          accessibilityValue={
            {
              "max": undefined,
              "min": undefined,
              "now": undefined,
              "text": undefined,
            }
          }
          accessible={true}
          collapsable={false}
          focusable={true}
          onBlur={[Function]}
          onClick={[Function]}
          onFocus={[Function]}
          onResponderGrant={[Function]}
          onResponderMove={[Function]}
          onResponderRelease={[Function]}
          onResponderTerminate={[Function]}
          onResponderTerminationRequest={[Function]}
          onStartShouldSetResponder={[Function]}
          style={
            [
              {
                "aspectRatio": 1,
                "borderRadius": 8,
                "flex": 1,
              },
              {
                "backgroundColor": "#E4E7EA",
              },
            ]
          }
        >
          <View
            style={
              {
                "alignItems": "center",
                "flex": 1,
                "justifyContent": "center",
              }
            }
          >
            <Text
              style={
                [
                  {
                    "backgroundColor": "transparent",
                    "fontFamily": "Inter",
                    "fontSize": 32,
                    "fontWeight": "400",
                    "lineHeight": 36,
                    "textAlign": "center",
                  },
                  {
                    "color": "#2F343D",
                  },
                ]
              }
            >
              0
            </Text>
            <Text
              style={
                [
                  {
                    "backgroundColor": "transparent",
                    "fontFamily": "Inter",
                    "fontSize": 12,
                    "fontWeight": "400",
                    "letterSpacing": 0,
                    "lineHeight": 18,
                    "textAlign": "center",
                  },
                  {
                    "color": "#6C727A",
                  },
                ]
              }
            >
              +
            </Text>
          </View>
        </View>
        <View
          accessibilityState={
            {
              "busy": undefined,
              "checked": undefined,
              "disabled": undefined,
              "expanded": undefined,
              "selected": undefined,
            }
          }
          accessibilityValue={
            {
              "max": undefined,
              "min": undefined,
              "now": undefined,
              "text": undefined,
            }
          }
          accessible={true}
          collapsable={false}
          focusable={true}
          onBlur={[Function]}
          onClick={[Function]}
          onFocus={[Function]}
          onResponderGrant={[Function]}
          onResponderMove={[Function]}
          onResponderRelease={[Function]}
          onResponderTerminate={[Function]}
          onResponderTerminationRequest={[Function]}
          onStartShouldSetResponder={[Function]}
          style={
            [
              {
                "aspectRatio": 1,
                "borderRadius": 8,
                "flex": 1,
              },
              {
                "backgroundColor": "#E4E7EA",
              },
            ]
          }
        >
          <View
            style={
              {
                "alignItems": "center",
                "flex": 1,
                "justifyContent": "center",
              }
            }
          >
            <Text
              style={
                [
                  {
                    "backgroundColor": "transparent",
                    "fontFamily": "Inter",
                    "fontSize": 32,
                    "fontWeight": "400",
                    "lineHeight": 36,
                    "textAlign": "center",
                  },
                  {
                    "color": "#2F343D",
                  },
                ]
              }
            >
              #
            </Text>
            <Text
              style={
                [
                  {
                    "backgroundColor": "transparent",
                    "fontFamily": "Inter",
                    "fontSize": 12,
                    "fontWeight": "400",
                    "letterSpacing": 0,
                    "lineHeight": 18,
                    "textAlign": "center",
                  },
                  {
                    "color": "#6C727A",
                  },
                ]
              }
            />
          </View>
        </View>
      </View>
    </View>
  </View>
</View>
`;

exports[`Story Snapshots: WithValue should match snapshot 1`] = `
<View
  style={
    {
      "alignItems": "center",
      "minHeight": 500,
      "padding": 24,
    }
  }
>
  <View
    style={
      [
        {
          "padding": 32,
          "paddingBottom": 32,
        },
        {
          "backgroundColor": "#FFFFFF",
        },
      ]
    }
  >
    <A11yOrderView
      orderKey=":r7:"
    >
      <A11yIndexView
        importantForAccessibility="yes"
        orderFocusType={0}
        orderIndex={1}
        orderKey=":r7:"
      >
        <View
          style={
            [
              {
                "gap": 4,
                "marginBottom": 10,
              },
              {
                "marginBottom": 24,
              },
            ]
          }
        >
          <View
            accessible={false}
            style={
              {
                "justifyContent": "center",
                "position": "relative",
              }
            }
          >
            <TextInput
              accessibilityLabel="123."
              accessible={true}
              autoCapitalize="none"
              autoCorrect={false}
              editable={false}
              keyboardType="phone-pad"
              multiline={true}
              placeholder=""
              placeholderTextColor="#9EA2A8"
              style={
                [
                  {
                    "backgroundColor": "transparent",
                    "borderRadius": 4,
                    "borderWidth": 1,
                    "fontFamily": "Inter",
                    "fontSize": 16,
                    "fontWeight": "400",
                    "paddingHorizontal": 16,
                    "paddingVertical": 14,
                    "textAlign": "left",
                  },
                  undefined,
                  {},
                  {
                    "backgroundColor": "#FFFFFF",
                    "borderColor": "#9EA2A8",
                    "color": "#1F2329",
                  },
                  {},
                  undefined,
                ]
              }
              testID="dialpad-input"
              underlineColorAndroid="transparent"
              value="123"
            />
          </View>
        </View>
      </A11yIndexView>
    </A11yOrderView>
    <View
      style={
        {
          "gap": 28,
          "padding": 10,
        }
      }
    >
      <View
        style={
          {
            "flexDirection": "row",
            "gap": 40,
            "justifyContent": "space-between",
          }
        }
      >
        <View
          accessibilityState={
            {
              "busy": undefined,
              "checked": undefined,
              "disabled": undefined,
              "expanded": undefined,
              "selected": undefined,
            }
          }
          accessibilityValue={
            {
              "max": undefined,
              "min": undefined,
              "now": undefined,
              "text": undefined,
            }
          }
          accessible={true}
          collapsable={false}
          focusable={true}
          onBlur={[Function]}
          onClick={[Function]}
          onFocus={[Function]}
          onResponderGrant={[Function]}
          onResponderMove={[Function]}
          onResponderRelease={[Function]}
          onResponderTerminate={[Function]}
          onResponderTerminationRequest={[Function]}
          onStartShouldSetResponder={[Function]}
          style={
            [
              {
                "aspectRatio": 1,
                "borderRadius": 8,
                "flex": 1,
              },
              {
                "backgroundColor": "#E4E7EA",
              },
            ]
          }
        >
          <View
            style={
              {
                "alignItems": "center",
                "flex": 1,
                "justifyContent": "center",
              }
            }
          >
            <Text
              style={
                [
                  {
                    "backgroundColor": "transparent",
                    "fontFamily": "Inter",
                    "fontSize": 32,
                    "fontWeight": "400",
                    "lineHeight": 36,
                    "textAlign": "center",
                  },
                  {
                    "color": "#2F343D",
                  },
                ]
              }
            >
              1
            </Text>
            <Text
              style={
                [
                  {
                    "backgroundColor": "transparent",
                    "fontFamily": "Inter",
                    "fontSize": 12,
                    "fontWeight": "400",
                    "letterSpacing": 0,
                    "lineHeight": 18,
                    "textAlign": "center",
                  },
                  {
                    "color": "#6C727A",
                  },
                ]
              }
            />
          </View>
        </View>
        <View
          accessibilityState={
            {
              "busy": undefined,
              "checked": undefined,
              "disabled": undefined,
              "expanded": undefined,
              "selected": undefined,
            }
          }
          accessibilityValue={
            {
              "max": undefined,
              "min": undefined,
              "now": undefined,
              "text": undefined,
            }
          }
          accessible={true}
          collapsable={false}
          focusable={true}
          onBlur={[Function]}
          onClick={[Function]}
          onFocus={[Function]}
          onResponderGrant={[Function]}
          onResponderMove={[Function]}
          onResponderRelease={[Function]}
          onResponderTerminate={[Function]}
          onResponderTerminationRequest={[Function]}
          onStartShouldSetResponder={[Function]}
          style={
            [
              {
                "aspectRatio": 1,
                "borderRadius": 8,
                "flex": 1,
              },
              {
                "backgroundColor": "#E4E7EA",
              },
            ]
          }
        >
          <View
            style={
              {
                "alignItems": "center",
                "flex": 1,
                "justifyContent": "center",
              }
            }
          >
            <Text
              style={
                [
                  {
                    "backgroundColor": "transparent",
                    "fontFamily": "Inter",
                    "fontSize": 32,
                    "fontWeight": "400",
                    "lineHeight": 36,
                    "textAlign": "center",
                  },
                  {
                    "color": "#2F343D",
                  },
                ]
              }
            >
              2
            </Text>
            <Text
              style={
                [
                  {
                    "backgroundColor": "transparent",
                    "fontFamily": "Inter",
                    "fontSize": 12,
                    "fontWeight": "400",
                    "letterSpacing": 0,
                    "lineHeight": 18,
                    "textAlign": "center",
                  },
                  {
                    "color": "#6C727A",
                  },
                ]
              }
            >
              ABC
            </Text>
          </View>
        </View>
        <View
          accessibilityState={
            {
              "busy": undefined,
              "checked": undefined,
              "disabled": undefined,
              "expanded": undefined,
              "selected": undefined,
            }
          }
          accessibilityValue={
            {
              "max": undefined,
              "min": undefined,
              "now": undefined,
              "text": undefined,
            }
          }
          accessible={true}
          collapsable={false}
          focusable={true}
          onBlur={[Function]}
          onClick={[Function]}
          onFocus={[Function]}
          onResponderGrant={[Function]}
          onResponderMove={[Function]}
          onResponderRelease={[Function]}
          onResponderTerminate={[Function]}
          onResponderTerminationRequest={[Function]}
          onStartShouldSetResponder={[Function]}
          style={
            [
              {
                "aspectRatio": 1,
                "borderRadius": 8,
                "flex": 1,
              },
              {
                "backgroundColor": "#E4E7EA",
              },
            ]
          }
        >
          <View
            style={
              {
                "alignItems": "center",
                "flex": 1,
                "justifyContent": "center",
              }
            }
          >
            <Text
              style={
                [
                  {
                    "backgroundColor": "transparent",
                    "fontFamily": "Inter",
                    "fontSize": 32,
                    "fontWeight": "400",
                    "lineHeight": 36,
                    "textAlign": "center",
                  },
                  {
                    "color": "#2F343D",
                  },
                ]
              }
            >
              3
            </Text>
            <Text
              style={
                [
                  {
                    "backgroundColor": "transparent",
                    "fontFamily": "Inter",
                    "fontSize": 12,
                    "fontWeight": "400",
                    "letterSpacing": 0,
                    "lineHeight": 18,
                    "textAlign": "center",
                  },
                  {
                    "color": "#6C727A",
                  },
                ]
              }
            >
              DEF
            </Text>
          </View>
        </View>
      </View>
      <View
        style={
          {
            "flexDirection": "row",
            "gap": 40,
            "justifyContent": "space-between",
          }
        }
      >
        <View
          accessibilityState={
            {
              "busy": undefined,
              "checked": undefined,
              "disabled": undefined,
              "expanded": undefined,
              "selected": undefined,
            }
          }
          accessibilityValue={
            {
              "max": undefined,
              "min": undefined,
              "now": undefined,
              "text": undefined,
            }
          }
          accessible={true}
          collapsable={false}
          focusable={true}
          onBlur={[Function]}
          onClick={[Function]}
          onFocus={[Function]}
          onResponderGrant={[Function]}
          onResponderMove={[Function]}
          onResponderRelease={[Function]}
          onResponderTerminate={[Function]}
          onResponderTerminationRequest={[Function]}
          onStartShouldSetResponder={[Function]}
          style={
            [
              {
                "aspectRatio": 1,
                "borderRadius": 8,
                "flex": 1,
              },
              {
                "backgroundColor": "#E4E7EA",
              },
            ]
          }
        >
          <View
            style={
              {
                "alignItems": "center",
                "flex": 1,
                "justifyContent": "center",
              }
            }
          >
            <Text
              style={
                [
                  {
                    "backgroundColor": "transparent",
                    "fontFamily": "Inter",
                    "fontSize": 32,
                    "fontWeight": "400",
                    "lineHeight": 36,
                    "textAlign": "center",
                  },
                  {
                    "color": "#2F343D",
                  },
                ]
              }
            >
              4
            </Text>
            <Text
              style={
                [
                  {
                    "backgroundColor": "transparent",
                    "fontFamily": "Inter",
                    "fontSize": 12,
                    "fontWeight": "400",
                    "letterSpacing": 0,
                    "lineHeight": 18,
                    "textAlign": "center",
                  },
                  {
                    "color": "#6C727A",
                  },
                ]
              }
            >
              GHI
            </Text>
          </View>
        </View>
        <View
          accessibilityState={
            {
              "busy": undefined,
              "checked": undefined,
              "disabled": undefined,
              "expanded": undefined,
              "selected": undefined,
            }
          }
          accessibilityValue={
            {
              "max": undefined,
              "min": undefined,
              "now": undefined,
              "text": undefined,
            }
          }
          accessible={true}
          collapsable={false}
          focusable={true}
          onBlur={[Function]}
          onClick={[Function]}
          onFocus={[Function]}
          onResponderGrant={[Function]}
          onResponderMove={[Function]}
          onResponderRelease={[Function]}
          onResponderTerminate={[Function]}
          onResponderTerminationRequest={[Function]}
          onStartShouldSetResponder={[Function]}
          style={
            [
              {
                "aspectRatio": 1,
                "borderRadius": 8,
                "flex": 1,
              },
              {
                "backgroundColor": "#E4E7EA",
              },
            ]
          }
        >
          <View
            style={
              {
                "alignItems": "center",
                "flex": 1,
                "justifyContent": "center",
              }
            }
          >
            <Text
              style={
                [
                  {
                    "backgroundColor": "transparent",
                    "fontFamily": "Inter",
                    "fontSize": 32,
                    "fontWeight": "400",
                    "lineHeight": 36,
                    "textAlign": "center",
                  },
                  {
                    "color": "#2F343D",
                  },
                ]
              }
            >
              5
            </Text>
            <Text
              style={
                [
                  {
                    "backgroundColor": "transparent",
                    "fontFamily": "Inter",
                    "fontSize": 12,
                    "fontWeight": "400",
                    "letterSpacing": 0,
                    "lineHeight": 18,
                    "textAlign": "center",
                  },
                  {
                    "color": "#6C727A",
                  },
                ]
              }
            >
              JKL
            </Text>
          </View>
        </View>
        <View
          accessibilityState={
            {
              "busy": undefined,
              "checked": undefined,
              "disabled": undefined,
              "expanded": undefined,
              "selected": undefined,
            }
          }
          accessibilityValue={
            {
              "max": undefined,
              "min": undefined,
              "now": undefined,
              "text": undefined,
            }
          }
          accessible={true}
          collapsable={false}
          focusable={true}
          onBlur={[Function]}
          onClick={[Function]}
          onFocus={[Function]}
          onResponderGrant={[Function]}
          onResponderMove={[Function]}
          onResponderRelease={[Function]}
          onResponderTerminate={[Function]}
          onResponderTerminationRequest={[Function]}
          onStartShouldSetResponder={[Function]}
          style={
            [
              {
                "aspectRatio": 1,
                "borderRadius": 8,
                "flex": 1,
              },
              {
                "backgroundColor": "#E4E7EA",
              },
            ]
          }
        >
          <View
            style={
              {
                "alignItems": "center",
                "flex": 1,
                "justifyContent": "center",
              }
            }
          >
            <Text
              style={
                [
                  {
                    "backgroundColor": "transparent",
                    "fontFamily": "Inter",
                    "fontSize": 32,
                    "fontWeight": "400",
                    "lineHeight": 36,
                    "textAlign": "center",
                  },
                  {
                    "color": "#2F343D",
                  },
                ]
              }
            >
              6
            </Text>
            <Text
              style={
                [
                  {
                    "backgroundColor": "transparent",
                    "fontFamily": "Inter",
                    "fontSize": 12,
                    "fontWeight": "400",
                    "letterSpacing": 0,
                    "lineHeight": 18,
                    "textAlign": "center",
                  },
                  {
                    "color": "#6C727A",
                  },
                ]
              }
            >
              MNO
            </Text>
          </View>
        </View>
      </View>
      <View
        style={
          {
            "flexDirection": "row",
            "gap": 40,
            "justifyContent": "space-between",
          }
        }
      >
        <View
          accessibilityState={
            {
              "busy": undefined,
              "checked": undefined,
              "disabled": undefined,
              "expanded": undefined,
              "selected": undefined,
            }
          }
          accessibilityValue={
            {
              "max": undefined,
              "min": undefined,
              "now": undefined,
              "text": undefined,
            }
          }
          accessible={true}
          collapsable={false}
          focusable={true}
          onBlur={[Function]}
          onClick={[Function]}
          onFocus={[Function]}
          onResponderGrant={[Function]}
          onResponderMove={[Function]}
          onResponderRelease={[Function]}
          onResponderTerminate={[Function]}
          onResponderTerminationRequest={[Function]}
          onStartShouldSetResponder={[Function]}
          style={
            [
              {
                "aspectRatio": 1,
                "borderRadius": 8,
                "flex": 1,
              },
              {
                "backgroundColor": "#E4E7EA",
              },
            ]
          }
        >
          <View
            style={
              {
                "alignItems": "center",
                "flex": 1,
                "justifyContent": "center",
              }
            }
          >
            <Text
              style={
                [
                  {
                    "backgroundColor": "transparent",
                    "fontFamily": "Inter",
                    "fontSize": 32,
                    "fontWeight": "400",
                    "lineHeight": 36,
                    "textAlign": "center",
                  },
                  {
                    "color": "#2F343D",
                  },
                ]
              }
            >
              7
            </Text>
            <Text
              style={
                [
                  {
                    "backgroundColor": "transparent",
                    "fontFamily": "Inter",
                    "fontSize": 12,
                    "fontWeight": "400",
                    "letterSpacing": 0,
                    "lineHeight": 18,
                    "textAlign": "center",
                  },
                  {
                    "color": "#6C727A",
                  },
                ]
              }
            >
              PQRS
            </Text>
          </View>
        </View>
        <View
          accessibilityState={
            {
              "busy": undefined,
              "checked": undefined,
              "disabled": undefined,
              "expanded": undefined,
              "selected": undefined,
            }
          }
          accessibilityValue={
            {
              "max": undefined,
              "min": undefined,
              "now": undefined,
              "text": undefined,
            }
          }
          accessible={true}
          collapsable={false}
          focusable={true}
          onBlur={[Function]}
          onClick={[Function]}
          onFocus={[Function]}
          onResponderGrant={[Function]}
          onResponderMove={[Function]}
          onResponderRelease={[Function]}
          onResponderTerminate={[Function]}
          onResponderTerminationRequest={[Function]}
          onStartShouldSetResponder={[Function]}
          style={
            [
              {
                "aspectRatio": 1,
                "borderRadius": 8,
                "flex": 1,
              },
              {
                "backgroundColor": "#E4E7EA",
              },
            ]
          }
        >
          <View
            style={
              {
                "alignItems": "center",
                "flex": 1,
                "justifyContent": "center",
              }
            }
          >
            <Text
              style={
                [
                  {
                    "backgroundColor": "transparent",
                    "fontFamily": "Inter",
                    "fontSize": 32,
                    "fontWeight": "400",
                    "lineHeight": 36,
                    "textAlign": "center",
                  },
                  {
                    "color": "#2F343D",
                  },
                ]
              }
            >
              8
            </Text>
            <Text
              style={
                [
                  {
                    "backgroundColor": "transparent",
                    "fontFamily": "Inter",
                    "fontSize": 12,
                    "fontWeight": "400",
                    "letterSpacing": 0,
                    "lineHeight": 18,
                    "textAlign": "center",
                  },
                  {
                    "color": "#6C727A",
                  },
                ]
              }
            >
              TUV
            </Text>
          </View>
        </View>
        <View
          accessibilityState={
            {
              "busy": undefined,
              "checked": undefined,
              "disabled": undefined,
              "expanded": undefined,
              "selected": undefined,
            }
          }
          accessibilityValue={
            {
              "max": undefined,
              "min": undefined,
              "now": undefined,
              "text": undefined,
            }
          }
          accessible={true}
          collapsable={false}
          focusable={true}
          onBlur={[Function]}
          onClick={[Function]}
          onFocus={[Function]}
          onResponderGrant={[Function]}
          onResponderMove={[Function]}
          onResponderRelease={[Function]}
          onResponderTerminate={[Function]}
          onResponderTerminationRequest={[Function]}
          onStartShouldSetResponder={[Function]}
          style={
            [
              {
                "aspectRatio": 1,
                "borderRadius": 8,
                "flex": 1,
              },
              {
                "backgroundColor": "#E4E7EA",
              },
            ]
          }
        >
          <View
            style={
              {
                "alignItems": "center",
                "flex": 1,
                "justifyContent": "center",
              }
            }
          >
            <Text
              style={
                [
                  {
                    "backgroundColor": "transparent",
                    "fontFamily": "Inter",
                    "fontSize": 32,
                    "fontWeight": "400",
                    "lineHeight": 36,
                    "textAlign": "center",
                  },
                  {
                    "color": "#2F343D",
                  },
                ]
              }
            >
              9
            </Text>
            <Text
              style={
                [
                  {
                    "backgroundColor": "transparent",
                    "fontFamily": "Inter",
                    "fontSize": 12,
                    "fontWeight": "400",
                    "letterSpacing": 0,
                    "lineHeight": 18,
                    "textAlign": "center",
                  },
                  {
                    "color": "#6C727A",
                  },
                ]
              }
            >
              WXYZ
            </Text>
          </View>
        </View>
      </View>
      <View
        style={
          {
            "flexDirection": "row",
            "gap": 40,
            "justifyContent": "space-between",
          }
        }
      >
        <View
          accessibilityState={
            {
              "busy": undefined,
              "checked": undefined,
              "disabled": undefined,
              "expanded": undefined,
              "selected": undefined,
            }
          }
          accessibilityValue={
            {
              "max": undefined,
              "min": undefined,
              "now": undefined,
              "text": undefined,
            }
          }
          accessible={true}
          collapsable={false}
          focusable={true}
          onBlur={[Function]}
          onClick={[Function]}
          onFocus={[Function]}
          onResponderGrant={[Function]}
          onResponderMove={[Function]}
          onResponderRelease={[Function]}
          onResponderTerminate={[Function]}
          onResponderTerminationRequest={[Function]}
          onStartShouldSetResponder={[Function]}
          style={
            [
              {
                "aspectRatio": 1,
                "borderRadius": 8,
                "flex": 1,
              },
              {
                "backgroundColor": "#E4E7EA",
              },
            ]
          }
        >
          <View
            style={
              {
                "alignItems": "center",
                "flex": 1,
                "justifyContent": "center",
              }
            }
          >
            <Text
              style={
                [
                  {
                    "backgroundColor": "transparent",
                    "fontFamily": "Inter",
                    "fontSize": 32,
                    "fontWeight": "400",
                    "lineHeight": 36,
                    "textAlign": "center",
                  },
                  {
                    "color": "#2F343D",
                  },
                ]
              }
            >
              *
            </Text>
            <Text
              style={
                [
                  {
                    "backgroundColor": "transparent",
                    "fontFamily": "Inter",
                    "fontSize": 12,
                    "fontWeight": "400",
                    "letterSpacing": 0,
                    "lineHeight": 18,
                    "textAlign": "center",
                  },
                  {
                    "color": "#6C727A",
                  },
                ]
              }
            />
          </View>
        </View>
        <View
          accessibilityState={
            {
              "busy": undefined,
              "checked": undefined,
              "disabled": undefined,
              "expanded": undefined,
              "selected": undefined,
            }
          }
          accessibilityValue={
            {
              "max": undefined,
              "min": undefined,
              "now": undefined,
              "text": undefined,
            }
          }
          accessible={true}
          collapsable={false}
          focusable={true}
          onBlur={[Function]}
          onClick={[Function]}
          onFocus={[Function]}
          onResponderGrant={[Function]}
          onResponderMove={[Function]}
          onResponderRelease={[Function]}
          onResponderTerminate={[Function]}
          onResponderTerminationRequest={[Function]}
          onStartShouldSetResponder={[Function]}
          style={
            [
              {
                "aspectRatio": 1,
                "borderRadius": 8,
                "flex": 1,
              },
              {
                "backgroundColor": "#E4E7EA",
              },
            ]
          }
        >
          <View
            style={
              {
                "alignItems": "center",
                "flex": 1,
                "justifyContent": "center",
              }
            }
          >
            <Text
              style={
                [
                  {
                    "backgroundColor": "transparent",
                    "fontFamily": "Inter",
                    "fontSize": 32,
                    "fontWeight": "400",
                    "lineHeight": 36,
                    "textAlign": "center",
                  },
                  {
                    "color": "#2F343D",
                  },
                ]
              }
            >
              0
            </Text>
            <Text
              style={
                [
                  {
                    "backgroundColor": "transparent",
                    "fontFamily": "Inter",
                    "fontSize": 12,
                    "fontWeight": "400",
                    "letterSpacing": 0,
                    "lineHeight": 18,
                    "textAlign": "center",
                  },
                  {
                    "color": "#6C727A",
                  },
                ]
              }
            >
              +
            </Text>
          </View>
        </View>
        <View
          accessibilityState={
            {
              "busy": undefined,
              "checked": undefined,
              "disabled": undefined,
              "expanded": undefined,
              "selected": undefined,
            }
          }
          accessibilityValue={
            {
              "max": undefined,
              "min": undefined,
              "now": undefined,
              "text": undefined,
            }
          }
          accessible={true}
          collapsable={false}
          focusable={true}
          onBlur={[Function]}
          onClick={[Function]}
          onFocus={[Function]}
          onResponderGrant={[Function]}
          onResponderMove={[Function]}
          onResponderRelease={[Function]}
          onResponderTerminate={[Function]}
          onResponderTerminationRequest={[Function]}
          onStartShouldSetResponder={[Function]}
          style={
            [
              {
                "aspectRatio": 1,
                "borderRadius": 8,
                "flex": 1,
              },
              {
                "backgroundColor": "#E4E7EA",
              },
            ]
          }
        >
          <View
            style={
              {
                "alignItems": "center",
                "flex": 1,
                "justifyContent": "center",
              }
            }
          >
            <Text
              style={
                [
                  {
                    "backgroundColor": "transparent",
                    "fontFamily": "Inter",
                    "fontSize": 32,
                    "fontWeight": "400",
                    "lineHeight": 36,
                    "textAlign": "center",
                  },
                  {
                    "color": "#2F343D",
                  },
                ]
              }
            >
              #
            </Text>
            <Text
              style={
                [
                  {
                    "backgroundColor": "transparent",
                    "fontFamily": "Inter",
                    "fontSize": 12,
                    "fontWeight": "400",
                    "letterSpacing": 0,
                    "lineHeight": 18,
                    "textAlign": "center",
                  },
                  {
                    "color": "#6C727A",
                  },
                ]
              }
            />
          </View>
        </View>
      </View>
    </View>
  </View>
</View>
`;
